// Bun Snapshot v1, https://goo.gl/fbAQLP

exports[`GET /components/list with search query 'C1234' returns expected components 1`] = `
[
  {
    "description": "50V 100nF X7R ±10% 0603 Multilayer Ceramic Capacitors MLCC - SMD/SMT ROHS",
    "lcsc": 14663,
    "mfr": "CC0603KRX7R9BB104",
    "package": "0603",
  },
  {
    "description": "100mW Thick Film Resistors 75V ±100ppm/℃ ±1% 10kΩ 0603 Chip Resistor - Surface Mount ROHS",
    "lcsc": 25804,
    "mfr": "0603WAF1002T5E",
    "package": "0603",
  },
  {
    "description": "50V 100nF X7R ±10% 0603 Multilayer Ceramic Capacitors MLCC - SMD/SMT ROHS",
    "lcsc": 30926,
    "mfr": "0603B104K500NT",
    "package": "0603",
  },
  {
    "description": "SOT-23 MOSFETs ROHS",
    "lcsc": 22446827,
    "mfr": "L2N7002SLLT1G",
    "package": "SOT-23",
  },
  {
    "description": "62.5mW Thick Film Resistors 50V ±100ppm/℃ ±1% 10kΩ 0402 Chip Resistor - Surface Mount ROHS",
    "lcsc": 25744,
    "mfr": "0402WGF1002TCE",
    "package": "0402",
  },
  {
    "description": "100mW Thick Film Resistors 75V ±100ppm/℃ ±1% 1kΩ 0603 Chip Resistor - Surface Mount ROHS",
    "lcsc": 21190,
    "mfr": "0603WAF1001T5E",
    "package": "0603",
  },
  {
    "description": "50V 100nF X7R ±10% 0603  Multilayer Ceramic Capacitors MLCC - SMD/SMT ROHS",
    "lcsc": 6119867,
    "mfr": "CGA0603X7R104K500JT",
    "package": "0603",
  },
  {
    "description": "16V 100nF X7R ±10% 0402 Multilayer Ceramic Capacitors MLCC - SMD/SMT ROHS",
    "lcsc": 1525,
    "mfr": "CL05B104KO5NNNC",
    "package": "0402",
  },
  {
    "description": "50V 100nF X7R ±10% 0603 Multilayer Ceramic Capacitors MLCC - SMD/SMT ROHS",
    "lcsc": 282519,
    "mfr": "TCC0603X7R104K500CT",
    "package": "0603",
  },
  {
    "description": "100mW Thick Film Resistors 75V ±1% 0Ω 0603 Chip Resistor - Surface Mount ROHS",
    "lcsc": 21189,
    "mfr": "0603WAF0000T5E",
    "package": "0603",
  },
  {
    "description": "125mW Thick Film Resistors 150V ±100ppm/℃ ±1% 10kΩ 0805 Chip Resistor - Surface Mount ROHS",
    "lcsc": 17414,
    "mfr": "0805W8F1002T5E",
    "package": "0805",
  },
  {
    "description": "50V 100nF X7R ±10% 0805 Multilayer Ceramic Capacitors MLCC - SMD/SMT ROHS",
    "lcsc": 49678,
    "mfr": "CC0805KRX7R9BB104",
    "package": "0805",
  },
  {
    "description": "50V 100nF X7R ±10% 0603 Multilayer Ceramic Capacitors MLCC - SMD/SMT ROHS",
    "lcsc": 1591,
    "mfr": "CL10B104KB8NNNC",
    "package": "0603",
  },
  {
    "description": "10V 10uF X5R ±10% 0603 Multilayer Ceramic Capacitors MLCC - SMD/SMT ROHS",
    "lcsc": 19702,
    "mfr": "CL10A106KP8NNNC",
    "package": "0603",
  },
  {
    "description": "62.5mW Thick Film Resistors 50V ±100ppm/℃ ±1% 1kΩ 0402 Chip Resistor - Surface Mount ROHS",
    "lcsc": 11702,
    "mfr": "0402WGF1001TCE",
    "package": "0402",
  },
  {
    "description": "100mW Thick Film Resistors 75V ±1% ±200ppm/℃ 100Ω 0603 Chip Resistor - Surface Mount ROHS",
    "lcsc": 22775,
    "mfr": "0603WAF1000T5E",
    "package": "0603",
  },
  {
    "description": "50V 10nF X7R ±10% 0603 Multilayer Ceramic Capacitors MLCC - SMD/SMT ROHS",
    "lcsc": 57112,
    "mfr": "0603B103K500NT",
    "package": "0603",
  },
  {
    "description": "16V 100nF X7R ±10% 0402 Multilayer Ceramic Capacitors MLCC - SMD/SMT ROHS",
    "lcsc": 60474,
    "mfr": "CC0402KRX7R7BB104",
    "package": "0402",
  },
  {
    "description": "100mW Thick Film Resistors 75V ±100ppm/℃ ±5% 10kΩ 0603  Chip Resistor - Surface Mount ROHS",
    "lcsc": 2930027,
    "mfr": "FRC0603J103TS",
    "package": "0603",
  },
  {
    "description": "25V 1uF X5R ±10% 0402 Multilayer Ceramic Capacitors MLCC - SMD/SMT ROHS",
    "lcsc": 52923,
    "mfr": "CL05A105KA5NQNC",
    "package": "0402",
  },
  {
    "description": "10V 1uF X5R ±10% 0402 Multilayer Ceramic Capacitors MLCC - SMD/SMT ROHS",
    "lcsc": 14445,
    "mfr": "CL05A105KP5NNNC",
    "package": "0402",
  },
  {
    "description": "50V 100nF X7R ±10% 0402 Multilayer Ceramic Capacitors MLCC - SMD/SMT ROHS",
    "lcsc": 307331,
    "mfr": "CL05B104KB54PNC",
    "package": "0402",
  },
  {
    "description": "100mW Thick Film Resistors 75V ±100ppm/℃ ±1% 4.7kΩ 0603 Chip Resistor - Surface Mount ROHS",
    "lcsc": 23162,
    "mfr": "0603WAF4701T5E",
    "package": "0603",
  },
  {
    "description": "50V 1uF X5R ±10% 0603 Multilayer Ceramic Capacitors MLCC - SMD/SMT ROHS",
    "lcsc": 15849,
    "mfr": "CL10A105KB8NNNC",
    "package": "0603",
  },
  {
    "description": "50V 100nF X7R ±10% 0805 Multilayer Ceramic Capacitors MLCC - SMD/SMT ROHS",
    "lcsc": 38141,
    "mfr": "0805B104K500NT",
    "package": "0805",
  },
  {
    "description": "50V 100nF X7R ±10% 0402 Multilayer Ceramic Capacitors MLCC - SMD/SMT ROHS",
    "lcsc": 110251,
    "mfr": "0402B104K500NT",
    "package": "0402",
  },
  {
    "description": "16V 100nF X7R ±10% 0402  Multilayer Ceramic Capacitors MLCC - SMD/SMT ROHS",
    "lcsc": 6119799,
    "mfr": "CGA0402X7R104K160GT",
    "package": "0402",
  },
  {
    "description": "62.5mW Thick Film Resistors 50V ±100ppm/℃ ±1% 10kΩ 0402 Chip Resistor - Surface Mount ROHS",
    "lcsc": 60490,
    "mfr": "RC0402FR-0710KL",
    "package": "0402",
  },
  {
    "description": "6.3V 10uF X5R ±20% 0402 Multilayer Ceramic Capacitors MLCC - SMD/SMT ROHS",
    "lcsc": 15525,
    "mfr": "CL05A106MQ5NUNC",
    "package": "0402",
  },
  {
    "description": "25V 10uF X5R ±10% 0805 Multilayer Ceramic Capacitors MLCC - SMD/SMT ROHS",
    "lcsc": 15850,
    "mfr": "CL21A106KAYNNNE",
    "package": "0805",
  },
  {
    "description": "100mW Thick Film Resistors 75V ±100ppm/℃ ±1% 100kΩ 0603 Chip Resistor - Surface Mount ROHS",
    "lcsc": 25803,
    "mfr": "0603WAF1003T5E",
    "package": "0603",
  },
  {
    "description": "50V 10nF X7R ±10% 0402 Multilayer Ceramic Capacitors MLCC - SMD/SMT ROHS",
    "lcsc": 60133,
    "mfr": "CC0402KRX7R9BB103",
    "package": "0402",
  },
  {
    "description": "125mW Thick Film Resistors 150V ±100ppm/℃ ±1% 1kΩ 0805 Chip Resistor - Surface Mount ROHS",
    "lcsc": 17513,
    "mfr": "0805W8F1001T5E",
    "package": "0805",
  },
  {
    "description": "16V 100nF X7R ±10% 0402  Multilayer Ceramic Capacitors MLCC - SMD/SMT ROHS",
    "lcsc": 5137468,
    "mfr": "FCC0402B104K160AT",
    "package": "0402",
  },
  {
    "description": "100mW Thick Film Resistors 75V ±100ppm/℃ ±5% 10kΩ 0603 Chip Resistor - Surface Mount ROHS",
    "lcsc": 15401,
    "mfr": "0603WAJ0103T5E",
    "package": "0603",
  },
  {
    "description": "100mW Thick Film Resistors 75V ±1% ±400ppm/℃ 10Ω 0603 Chip Resistor - Surface Mount ROHS",
    "lcsc": 22859,
    "mfr": "0603WAF100JT5E",
    "package": "0603",
  },
  {
    "description": "62.5mW Thick Film Resistors 50V ±800ppm/℃ ±1% 0Ω 0402 Chip Resistor - Surface Mount ROHS",
    "lcsc": 17168,
    "mfr": "0402WGF0000TCE",
    "package": "0402",
  },
  {
    "description": "50V 10uF X5R ±10% 1206 Multilayer Ceramic Capacitors MLCC - SMD/SMT ROHS",
    "lcsc": 13585,
    "mfr": "CL31A106KBHNNNE",
    "package": "1206",
  },
  {
    "description": "25V 10uF X5R ±20% 0603 Multilayer Ceramic Capacitors MLCC - SMD/SMT ROHS",
    "lcsc": 96446,
    "mfr": "CL10A106MA8NRNC",
    "package": "0603",
  },
  {
    "description": "62.5mW Thick Film Resistors 50V ±1% ±200ppm/℃ 100Ω 0402 Chip Resistor - Surface Mount ROHS",
    "lcsc": 25076,
    "mfr": "0402WGF1000TCE",
    "package": "0402",
  },
  {
    "description": "62.5mW Thick Film Resistors 50V ±100ppm/℃ ±1% 4.7kΩ 0402 Chip Resistor - Surface Mount ROHS",
    "lcsc": 25900,
    "mfr": "0402WGF4701TCE",
    "package": "0402",
  },
  {
    "description": "125mW Thick Film Resistors 150V ±100ppm/℃ ±1% 4.7kΩ 0805 Chip Resistor - Surface Mount ROHS",
    "lcsc": 17673,
    "mfr": "0805W8F4701T5E",
    "package": "0805",
  },
  {
    "description": "25V 1uF X5R ±10% 0603 Multilayer Ceramic Capacitors MLCC - SMD/SMT ROHS",
    "lcsc": 5673,
    "mfr": "CL10A105KA8NNNC",
    "package": "0603",
  },
  {
    "description": "62.5mW Thick Film Resistors 50V ±100ppm/℃ ±1% 100kΩ 0402 Chip Resistor - Surface Mount ROHS",
    "lcsc": 25741,
    "mfr": "0402WGF1003TCE",
    "package": "0402",
  },
  {
    "description": "50V 1nF X7R ±10% 0603 Multilayer Ceramic Capacitors MLCC - SMD/SMT ROHS",
    "lcsc": 1588,
    "mfr": "CL10B102KB8NNNC",
    "package": "0603",
  },
  {
    "description": "100mW Thick Film Resistors 75V ±100ppm/℃ ±5% 1kΩ 0603  Chip Resistor - Surface Mount ROHS",
    "lcsc": 2907113,
    "mfr": "FRC0603J102 TS",
    "package": "0603",
  },
  {
    "description": "16V 1uF X5R ±10% 0603  Multilayer Ceramic Capacitors MLCC - SMD/SMT ROHS",
    "lcsc": 6119849,
    "mfr": "CGA0603X5R105K160JT",
    "package": "0603",
  },
  {
    "description": "50V 10nF X7R ±10% 0603 Multilayer Ceramic Capacitors MLCC - SMD/SMT ROHS",
    "lcsc": 100042,
    "mfr": "CC0603KRX7R9BB103",
    "package": "0603",
  },
  {
    "description": "100mW Thick Film Resistors 75V ±100ppm/℃ ±1% 20kΩ 0603 Chip Resistor - Surface Mount ROHS",
    "lcsc": 4184,
    "mfr": "0603WAF2002T5E",
    "package": "0603",
  },
  {
    "description": "6.3V 22uF X5R ±20% 0603 Multilayer Ceramic Capacitors MLCC - SMD/SMT ROHS",
    "lcsc": 59461,
    "mfr": "CL10A226MQ8NRNC",
    "package": "0603",
  },
  {
    "description": "50V 100pF NP0 ±5% 0603 Multilayer Ceramic Capacitors MLCC - SMD/SMT ROHS",
    "lcsc": 14665,
    "mfr": "CC0603JRNPO9BN101",
    "package": "0603",
  },
  {
    "description": "50V 1nF X7R ±10% 0603 Multilayer Ceramic Capacitors MLCC - SMD/SMT ROHS",
    "lcsc": 100040,
    "mfr": "CC0603KRX7R9BB102",
    "package": "0603",
  },
  {
    "description": "100mW Thick Film Resistors 75V ±100ppm/℃ ±1% 1MΩ 0603 Chip Resistor - Surface Mount ROHS",
    "lcsc": 22935,
    "mfr": "0603WAF1004T5E",
    "package": "0603",
  },
  {
    "description": "16V 100nF X7R ±10% 0402 Multilayer Ceramic Capacitors MLCC - SMD/SMT ROHS",
    "lcsc": 392963,
    "mfr": "TCC0402X7R104K160AT",
    "package": "0402",
  },
  {
    "description": "100mW Thick Film Resistors 75V ±100ppm/℃ ±1% 10kΩ 0603 Chip Resistor - Surface Mount ROHS",
    "lcsc": 98220,
    "mfr": "RC0603FR-0710KL",
    "package": "0603",
  },
  {
    "description": "100mW Thick Film Resistors 75V ±100ppm/℃ ±1% 10kΩ 0603  Chip Resistor - Surface Mount ROHS",
    "lcsc": 2906982,
    "mfr": "FRC0603F1002TS",
    "package": "0603",
  },
  {
    "description": "50V 1nF X7R ±20% 0402  Multilayer Ceramic Capacitors MLCC - SMD/SMT ROHS",
    "lcsc": 696907,
    "mfr": "TCC0402X7R102M500AT",
    "package": "0402",
  },
  {
    "description": "100mW Thick Film Resistors 75V ±100ppm/℃ ±1% 5.1kΩ 0603 Chip Resistor - Surface Mount ROHS",
    "lcsc": 23186,
    "mfr": "0603WAF5101T5E",
    "package": "0603",
  },
  {
    "description": "100mW Thick Film Resistors 75V ±100ppm/℃ ±1% 2kΩ 0603 Chip Resistor - Surface Mount ROHS",
    "lcsc": 22975,
    "mfr": "0603WAF2001T5E",
    "package": "0603",
  },
  {
    "description": "-40℃~+85℃ Red 0603 LED Indication - Discrete ROHS",
    "lcsc": 2286,
    "mfr": "KT-0603R",
    "package": "0603",
  },
  {
    "description": "250mW Thick Film Resistors 200V ±100ppm/℃ ±1% 1MΩ 1206 Chip Resistor - Surface Mount ROHS",
    "lcsc": 17927,
    "mfr": "1206W4F1004T5E",
    "package": "1206",
  },
  {
    "description": "62.5mW Thick Film Resistors 50V ±1% ±100ppm/℃ 22Ω 0402 Chip Resistor - Surface Mount ROHS",
    "lcsc": 25092,
    "mfr": "0402WGF220JTCE",
    "package": "0402",
  },
  {
    "description": "50V 10nF X7R ±10% 0603 Multilayer Ceramic Capacitors MLCC - SMD/SMT ROHS",
    "lcsc": 1589,
    "mfr": "CL10B103KB8NNNC",
    "package": "0603",
  },
  {
    "description": "10V 10uF X5R ±10% 0603  Multilayer Ceramic Capacitors MLCC - SMD/SMT ROHS",
    "lcsc": 6119842,
    "mfr": "CGA0603X5R106K100JT",
    "package": "0603",
  },
  {
    "description": "50V 1uF X7R ±10% 0805 Multilayer Ceramic Capacitors MLCC - SMD/SMT ROHS",
    "lcsc": 28323,
    "mfr": "CL21B105KBFNNNE",
    "package": "0805",
  },
  {
    "description": "100mW Thick Film Resistors 75V ±100ppm/℃ ±1% 470Ω 0603 Chip Resistor - Surface Mount ROHS",
    "lcsc": 23179,
    "mfr": "0603WAF4700T5E",
    "package": "0603",
  },
  {
    "description": "62.5mW Thick Film Resistors 50V ±100ppm/℃ ±5% 4.7kΩ 0402  Chip Resistor - Surface Mount ROHS",
    "lcsc": 2906941,
    "mfr": "FRC0402J472 TS",
    "package": "0402",
  },
  {
    "description": "16V 10uF X5R ±10% 0805 Multilayer Ceramic Capacitors MLCC - SMD/SMT ROHS",
    "lcsc": 1713,
    "mfr": "CL21A106KOQNNNE",
    "package": "0805",
  },
  {
    "description": "50V 100nF X7R ±10% 0805 Multilayer Ceramic Capacitors MLCC - SMD/SMT ROHS",
    "lcsc": 1711,
    "mfr": "CL21B104KBCNNNC",
    "package": "0805",
  },
  {
    "description": "16V 2.2uF X5R ±10% 0603 Multilayer Ceramic Capacitors MLCC - SMD/SMT ROHS",
    "lcsc": 23630,
    "mfr": "CL10A225KO8NNNC",
    "package": "0603",
  },
  {
    "description": "50V 10pF NP0 ±5% 0402 Multilayer Ceramic Capacitors MLCC - SMD/SMT ROHS",
    "lcsc": 106199,
    "mfr": "CC0402JRNPO9BN100",
    "package": "0402",
  },
  {
    "description": "100mW Thick Film Resistors 75V ±1% ±200ppm/℃ 75Ω 0603 Chip Resistor - Surface Mount ROHS",
    "lcsc": 4275,
    "mfr": "0603WAF750JT5E",
    "package": "0603",
  },
  {
    "description": "100mW Thick Film Resistors 75V ±100ppm/℃ ±1% 47kΩ 0603 Chip Resistor - Surface Mount ROHS",
    "lcsc": 25819,
    "mfr": "0603WAF4702T5E",
    "package": "0603",
  },
  {
    "description": "50V 100nF X7R ±10% 0603  Multilayer Ceramic Capacitors MLCC - SMD/SMT ROHS",
    "lcsc": 5137636,
    "mfr": "FCC0603B104K500CT",
    "package": "0603",
  },
  {
    "description": "50V 10nF X7R ±10% 0402 Multilayer Ceramic Capacitors MLCC - SMD/SMT ROHS",
    "lcsc": 15195,
    "mfr": "CL05B103KB5NNNC",
    "package": "0402",
  },
  {
    "description": "50V 100nF X7R ±10% 0402 Multilayer Ceramic Capacitors MLCC - SMD/SMT ROHS",
    "lcsc": 525226,
    "mfr": "FN15X104K500PKG",
    "package": "0402",
  },
  {
    "description": "25V 1uF X7R ±10% 0603 Multilayer Ceramic Capacitors MLCC - SMD/SMT ROHS",
    "lcsc": 29936,
    "mfr": "CL10B105KA8NNNC",
    "package": "0603",
  },
  {
    "description": "125mW Thick Film Resistors 150V ±800ppm/℃ ±1% 0Ω 0805 Chip Resistor - Surface Mount ROHS",
    "lcsc": 17477,
    "mfr": "0805W8F0000T5E",
    "package": "0805",
  },
  {
    "description": "100mW Thick Film Resistors 75V ±100ppm/℃ ±1% 2.2kΩ 0603 Chip Resistor - Surface Mount ROHS",
    "lcsc": 4190,
    "mfr": "0603WAF2201T5E",
    "package": "0603",
  },
  {
    "description": "6.3V 4.7uF X5R ±20% 0402 Multilayer Ceramic Capacitors MLCC - SMD/SMT ROHS",
    "lcsc": 307423,
    "mfr": "CL05A475MQ5NRNC",
    "package": "0402",
  },
  {
    "description": "100mW Thick Film Resistors 75V ±100ppm/℃ ±1% 330Ω 0603 Chip Resistor - Surface Mount ROHS",
    "lcsc": 23138,
    "mfr": "0603WAF3300T5E",
    "package": "0603",
  },
  {
    "description": "125mW Thick Film Resistors 150V ±1% ±200ppm/℃ 10Ω 0805 Chip Resistor - Surface Mount ROHS",
    "lcsc": 17415,
    "mfr": "0805W8F100JT5E",
    "package": "0805",
  },
  {
    "description": "2kV 1nF X7R ±10% 1206 Multilayer Ceramic Capacitors MLCC - SMD/SMT ROHS",
    "lcsc": 9196,
    "mfr": "1206B102K202NT",
    "package": "1206",
  },
  {
    "description": "100mW Thick Film Resistors 75V ±100ppm/℃ ±1% 22Ω 0603 Chip Resistor - Surface Mount ROHS",
    "lcsc": 23345,
    "mfr": "0603WAF220JT5E",
    "package": "0603",
  },
  {
    "description": "16V 1uF X5R ±10% 0402 Multilayer Ceramic Capacitors MLCC - SMD/SMT ROHS",
    "lcsc": 29266,
    "mfr": "CL05A105KO5NNNC",
    "package": "0402",
  },
  {
    "description": "16V 4.7uF X5R ±10% 0603 Multilayer Ceramic Capacitors MLCC - SMD/SMT ROHS",
    "lcsc": 19666,
    "mfr": "CL10A475KO8NNNC",
    "package": "0603",
  },
  {
    "description": "100mW Thick Film Resistors 75V ±100ppm/℃ ±1% 10MΩ 0603 Chip Resistor - Surface Mount ROHS",
    "lcsc": 114606,
    "mfr": "RC0603FR-0710ML",
    "package": "0603",
  },
  {
    "description": "25V 22uF X5R ±20% 0805 Multilayer Ceramic Capacitors MLCC - SMD/SMT ROHS",
    "lcsc": 45783,
    "mfr": "CL21A226MAQNNNE",
    "package": "0805",
  },
  {
    "description": "62.5mW Thick Film Resistors 50V ±100ppm/℃ ±1% 5.1kΩ 0402 Chip Resistor - Surface Mount ROHS",
    "lcsc": 25905,
    "mfr": "0402WGF5101TCE",
    "package": "0402",
  },
  {
    "description": "100mW Thick Film Resistors 75V ±100ppm/℃ ±1% 51kΩ 0603 Chip Resistor - Surface Mount ROHS",
    "lcsc": 23196,
    "mfr": "0603WAF5102T5E",
    "package": "0603",
  },
  {
    "description": "25V 2.2uF X5R ±10% 0603 Multilayer Ceramic Capacitors MLCC - SMD/SMT ROHS",
    "lcsc": 57895,
    "mfr": "CL10A225KA8NNNC",
    "package": "0603",
  },
  {
    "description": "50V 100nF X7R ±10% 0603 Multilayer Ceramic Capacitors MLCC - SMD/SMT ROHS",
    "lcsc": 235731,
    "mfr": "FN18X104K500PBG",
    "package": "0603",
  },
  {
    "description": "HKR(Hong Kong Resistors) RCA0310KJLF",
    "lcsc": 22369937,
    "mfr": "RCA0310KJLF",
    "package": "0603",
  },
  {
    "description": "100mW Thick Film Resistors 75V ±100ppm/℃ ±5% 100Ω 0603  Chip Resistor - Surface Mount ROHS",
    "lcsc": 2907089,
    "mfr": "FRC0603J101 TS",
    "package": "0603",
  },
  {
    "description": "50V 100pF C0G ±5% 0603 Multilayer Ceramic Capacitors MLCC - SMD/SMT ROHS",
    "lcsc": 14858,
    "mfr": "CL10C101JB8NNNC",
    "package": "0603",
  },
  {
    "description": "62.5mW Thick Film Resistors 50V ±100ppm/℃ ±5% 10kΩ 0402 Chip Resistor - Surface Mount ROHS",
    "lcsc": 25531,
    "mfr": "0402WGJ0103TCE",
    "package": "0402",
  },
  {
    "description": "100mW Thick Film Resistors 75V ±5% ±800ppm/℃ 0Ω 0603 Chip Resistor - Surface Mount ROHS",
    "lcsc": 15402,
    "mfr": "0603WAJ0000T5E",
    "package": "0603",
  },
  {
    "description": "50V 100pF C0G ±5% 0402 Multilayer Ceramic Capacitors MLCC - SMD/SMT ROHS",
    "lcsc": 1546,
    "mfr": "0402CG101J500NT",
    "package": "0402",
  },
  {
    "description": "100mW Thick Film Resistors 75V ±100ppm/℃ ±5% 100Ω 0603 Chip Resistor - Surface Mount ROHS",
    "lcsc": 25201,
    "mfr": "0603WAJ0101T5E",
    "package": "0603",
  },
  {
    "description": "1A Independent Type 1kV 1.1V@1A SMA(DO-214AC) Diodes - General Purpose ROHS",
    "lcsc": 95872,
    "mfr": "M7",
    "package": "SMA(DO-214AC)",
  },
]
`;

exports[`GET /components/list with search query '555 Timer' returns expected components 1`] = `
[
  {
    "description": "50V 100nF X7R ±10% 0603 Multilayer Ceramic Capacitors MLCC - SMD/SMT ROHS",
    "lcsc": 14663,
    "mfr": "CC0603KRX7R9BB104",
    "package": "0603",
  },
  {
    "description": "100mW Thick Film Resistors 75V ±100ppm/℃ ±1% 10kΩ 0603 Chip Resistor - Surface Mount ROHS",
    "lcsc": 25804,
    "mfr": "0603WAF1002T5E",
    "package": "0603",
  },
  {
    "description": "50V 100nF X7R ±10% 0603 Multilayer Ceramic Capacitors MLCC - SMD/SMT ROHS",
    "lcsc": 30926,
    "mfr": "0603B104K500NT",
    "package": "0603",
  },
  {
    "description": "SOT-23 MOSFETs ROHS",
    "lcsc": 22446827,
    "mfr": "L2N7002SLLT1G",
    "package": "SOT-23",
  },
  {
    "description": "62.5mW Thick Film Resistors 50V ±100ppm/℃ ±1% 10kΩ 0402 Chip Resistor - Surface Mount ROHS",
    "lcsc": 25744,
    "mfr": "0402WGF1002TCE",
    "package": "0402",
  },
  {
    "description": "100mW Thick Film Resistors 75V ±100ppm/℃ ±1% 1kΩ 0603 Chip Resistor - Surface Mount ROHS",
    "lcsc": 21190,
    "mfr": "0603WAF1001T5E",
    "package": "0603",
  },
  {
    "description": "50V 100nF X7R ±10% 0603  Multilayer Ceramic Capacitors MLCC - SMD/SMT ROHS",
    "lcsc": 6119867,
    "mfr": "CGA0603X7R104K500JT",
    "package": "0603",
  },
  {
    "description": "16V 100nF X7R ±10% 0402 Multilayer Ceramic Capacitors MLCC - SMD/SMT ROHS",
    "lcsc": 1525,
    "mfr": "CL05B104KO5NNNC",
    "package": "0402",
  },
  {
    "description": "50V 100nF X7R ±10% 0603 Multilayer Ceramic Capacitors MLCC - SMD/SMT ROHS",
    "lcsc": 282519,
    "mfr": "TCC0603X7R104K500CT",
    "package": "0603",
  },
  {
    "description": "100mW Thick Film Resistors 75V ±1% 0Ω 0603 Chip Resistor - Surface Mount ROHS",
    "lcsc": 21189,
    "mfr": "0603WAF0000T5E",
    "package": "0603",
  },
  {
    "description": "125mW Thick Film Resistors 150V ±100ppm/℃ ±1% 10kΩ 0805 Chip Resistor - Surface Mount ROHS",
    "lcsc": 17414,
    "mfr": "0805W8F1002T5E",
    "package": "0805",
  },
  {
    "description": "50V 100nF X7R ±10% 0805 Multilayer Ceramic Capacitors MLCC - SMD/SMT ROHS",
    "lcsc": 49678,
    "mfr": "CC0805KRX7R9BB104",
    "package": "0805",
  },
  {
    "description": "50V 100nF X7R ±10% 0603 Multilayer Ceramic Capacitors MLCC - SMD/SMT ROHS",
    "lcsc": 1591,
    "mfr": "CL10B104KB8NNNC",
    "package": "0603",
  },
  {
    "description": "10V 10uF X5R ±10% 0603 Multilayer Ceramic Capacitors MLCC - SMD/SMT ROHS",
    "lcsc": 19702,
    "mfr": "CL10A106KP8NNNC",
    "package": "0603",
  },
  {
    "description": "62.5mW Thick Film Resistors 50V ±100ppm/℃ ±1% 1kΩ 0402 Chip Resistor - Surface Mount ROHS",
    "lcsc": 11702,
    "mfr": "0402WGF1001TCE",
    "package": "0402",
  },
  {
    "description": "100mW Thick Film Resistors 75V ±1% ±200ppm/℃ 100Ω 0603 Chip Resistor - Surface Mount ROHS",
    "lcsc": 22775,
    "mfr": "0603WAF1000T5E",
    "package": "0603",
  },
  {
    "description": "50V 10nF X7R ±10% 0603 Multilayer Ceramic Capacitors MLCC - SMD/SMT ROHS",
    "lcsc": 57112,
    "mfr": "0603B103K500NT",
    "package": "0603",
  },
  {
    "description": "16V 100nF X7R ±10% 0402 Multilayer Ceramic Capacitors MLCC - SMD/SMT ROHS",
    "lcsc": 60474,
    "mfr": "CC0402KRX7R7BB104",
    "package": "0402",
  },
  {
    "description": "100mW Thick Film Resistors 75V ±100ppm/℃ ±5% 10kΩ 0603  Chip Resistor - Surface Mount ROHS",
    "lcsc": 2930027,
    "mfr": "FRC0603J103TS",
    "package": "0603",
  },
  {
    "description": "25V 1uF X5R ±10% 0402 Multilayer Ceramic Capacitors MLCC - SMD/SMT ROHS",
    "lcsc": 52923,
    "mfr": "CL05A105KA5NQNC",
    "package": "0402",
  },
  {
    "description": "10V 1uF X5R ±10% 0402 Multilayer Ceramic Capacitors MLCC - SMD/SMT ROHS",
    "lcsc": 14445,
    "mfr": "CL05A105KP5NNNC",
    "package": "0402",
  },
  {
    "description": "50V 100nF X7R ±10% 0402 Multilayer Ceramic Capacitors MLCC - SMD/SMT ROHS",
    "lcsc": 307331,
    "mfr": "CL05B104KB54PNC",
    "package": "0402",
  },
  {
    "description": "100mW Thick Film Resistors 75V ±100ppm/℃ ±1% 4.7kΩ 0603 Chip Resistor - Surface Mount ROHS",
    "lcsc": 23162,
    "mfr": "0603WAF4701T5E",
    "package": "0603",
  },
  {
    "description": "50V 1uF X5R ±10% 0603 Multilayer Ceramic Capacitors MLCC - SMD/SMT ROHS",
    "lcsc": 15849,
    "mfr": "CL10A105KB8NNNC",
    "package": "0603",
  },
  {
    "description": "50V 100nF X7R ±10% 0805 Multilayer Ceramic Capacitors MLCC - SMD/SMT ROHS",
    "lcsc": 38141,
    "mfr": "0805B104K500NT",
    "package": "0805",
  },
  {
    "description": "50V 100nF X7R ±10% 0402 Multilayer Ceramic Capacitors MLCC - SMD/SMT ROHS",
    "lcsc": 110251,
    "mfr": "0402B104K500NT",
    "package": "0402",
  },
  {
    "description": "16V 100nF X7R ±10% 0402  Multilayer Ceramic Capacitors MLCC - SMD/SMT ROHS",
    "lcsc": 6119799,
    "mfr": "CGA0402X7R104K160GT",
    "package": "0402",
  },
  {
    "description": "62.5mW Thick Film Resistors 50V ±100ppm/℃ ±1% 10kΩ 0402 Chip Resistor - Surface Mount ROHS",
    "lcsc": 60490,
    "mfr": "RC0402FR-0710KL",
    "package": "0402",
  },
  {
    "description": "6.3V 10uF X5R ±20% 0402 Multilayer Ceramic Capacitors MLCC - SMD/SMT ROHS",
    "lcsc": 15525,
    "mfr": "CL05A106MQ5NUNC",
    "package": "0402",
  },
  {
    "description": "25V 10uF X5R ±10% 0805 Multilayer Ceramic Capacitors MLCC - SMD/SMT ROHS",
    "lcsc": 15850,
    "mfr": "CL21A106KAYNNNE",
    "package": "0805",
  },
  {
    "description": "100mW Thick Film Resistors 75V ±100ppm/℃ ±1% 100kΩ 0603 Chip Resistor - Surface Mount ROHS",
    "lcsc": 25803,
    "mfr": "0603WAF1003T5E",
    "package": "0603",
  },
  {
    "description": "50V 10nF X7R ±10% 0402 Multilayer Ceramic Capacitors MLCC - SMD/SMT ROHS",
    "lcsc": 60133,
    "mfr": "CC0402KRX7R9BB103",
    "package": "0402",
  },
  {
    "description": "125mW Thick Film Resistors 150V ±100ppm/℃ ±1% 1kΩ 0805 Chip Resistor - Surface Mount ROHS",
    "lcsc": 17513,
    "mfr": "0805W8F1001T5E",
    "package": "0805",
  },
  {
    "description": "16V 100nF X7R ±10% 0402  Multilayer Ceramic Capacitors MLCC - SMD/SMT ROHS",
    "lcsc": 5137468,
    "mfr": "FCC0402B104K160AT",
    "package": "0402",
  },
  {
    "description": "100mW Thick Film Resistors 75V ±100ppm/℃ ±5% 10kΩ 0603 Chip Resistor - Surface Mount ROHS",
    "lcsc": 15401,
    "mfr": "0603WAJ0103T5E",
    "package": "0603",
  },
  {
    "description": "100mW Thick Film Resistors 75V ±1% ±400ppm/℃ 10Ω 0603 Chip Resistor - Surface Mount ROHS",
    "lcsc": 22859,
    "mfr": "0603WAF100JT5E",
    "package": "0603",
  },
  {
    "description": "62.5mW Thick Film Resistors 50V ±800ppm/℃ ±1% 0Ω 0402 Chip Resistor - Surface Mount ROHS",
    "lcsc": 17168,
    "mfr": "0402WGF0000TCE",
    "package": "0402",
  },
  {
    "description": "50V 10uF X5R ±10% 1206 Multilayer Ceramic Capacitors MLCC - SMD/SMT ROHS",
    "lcsc": 13585,
    "mfr": "CL31A106KBHNNNE",
    "package": "1206",
  },
  {
    "description": "25V 10uF X5R ±20% 0603 Multilayer Ceramic Capacitors MLCC - SMD/SMT ROHS",
    "lcsc": 96446,
    "mfr": "CL10A106MA8NRNC",
    "package": "0603",
  },
  {
    "description": "62.5mW Thick Film Resistors 50V ±1% ±200ppm/℃ 100Ω 0402 Chip Resistor - Surface Mount ROHS",
    "lcsc": 25076,
    "mfr": "0402WGF1000TCE",
    "package": "0402",
  },
  {
    "description": "62.5mW Thick Film Resistors 50V ±100ppm/℃ ±1% 4.7kΩ 0402 Chip Resistor - Surface Mount ROHS",
    "lcsc": 25900,
    "mfr": "0402WGF4701TCE",
    "package": "0402",
  },
  {
    "description": "125mW Thick Film Resistors 150V ±100ppm/℃ ±1% 4.7kΩ 0805 Chip Resistor - Surface Mount ROHS",
    "lcsc": 17673,
    "mfr": "0805W8F4701T5E",
    "package": "0805",
  },
  {
    "description": "25V 1uF X5R ±10% 0603 Multilayer Ceramic Capacitors MLCC - SMD/SMT ROHS",
    "lcsc": 5673,
    "mfr": "CL10A105KA8NNNC",
    "package": "0603",
  },
  {
    "description": "62.5mW Thick Film Resistors 50V ±100ppm/℃ ±1% 100kΩ 0402 Chip Resistor - Surface Mount ROHS",
    "lcsc": 25741,
    "mfr": "0402WGF1003TCE",
    "package": "0402",
  },
  {
    "description": "50V 1nF X7R ±10% 0603 Multilayer Ceramic Capacitors MLCC - SMD/SMT ROHS",
    "lcsc": 1588,
    "mfr": "CL10B102KB8NNNC",
    "package": "0603",
  },
  {
    "description": "100mW Thick Film Resistors 75V ±100ppm/℃ ±5% 1kΩ 0603  Chip Resistor - Surface Mount ROHS",
    "lcsc": 2907113,
    "mfr": "FRC0603J102 TS",
    "package": "0603",
  },
  {
    "description": "16V 1uF X5R ±10% 0603  Multilayer Ceramic Capacitors MLCC - SMD/SMT ROHS",
    "lcsc": 6119849,
    "mfr": "CGA0603X5R105K160JT",
    "package": "0603",
  },
  {
    "description": "50V 10nF X7R ±10% 0603 Multilayer Ceramic Capacitors MLCC - SMD/SMT ROHS",
    "lcsc": 100042,
    "mfr": "CC0603KRX7R9BB103",
    "package": "0603",
  },
  {
    "description": "100mW Thick Film Resistors 75V ±100ppm/℃ ±1% 20kΩ 0603 Chip Resistor - Surface Mount ROHS",
    "lcsc": 4184,
    "mfr": "0603WAF2002T5E",
    "package": "0603",
  },
  {
    "description": "6.3V 22uF X5R ±20% 0603 Multilayer Ceramic Capacitors MLCC - SMD/SMT ROHS",
    "lcsc": 59461,
    "mfr": "CL10A226MQ8NRNC",
    "package": "0603",
  },
  {
    "description": "50V 100pF NP0 ±5% 0603 Multilayer Ceramic Capacitors MLCC - SMD/SMT ROHS",
    "lcsc": 14665,
    "mfr": "CC0603JRNPO9BN101",
    "package": "0603",
  },
  {
    "description": "50V 1nF X7R ±10% 0603 Multilayer Ceramic Capacitors MLCC - SMD/SMT ROHS",
    "lcsc": 100040,
    "mfr": "CC0603KRX7R9BB102",
    "package": "0603",
  },
  {
    "description": "100mW Thick Film Resistors 75V ±100ppm/℃ ±1% 1MΩ 0603 Chip Resistor - Surface Mount ROHS",
    "lcsc": 22935,
    "mfr": "0603WAF1004T5E",
    "package": "0603",
  },
  {
    "description": "16V 100nF X7R ±10% 0402 Multilayer Ceramic Capacitors MLCC - SMD/SMT ROHS",
    "lcsc": 392963,
    "mfr": "TCC0402X7R104K160AT",
    "package": "0402",
  },
  {
    "description": "100mW Thick Film Resistors 75V ±100ppm/℃ ±1% 10kΩ 0603 Chip Resistor - Surface Mount ROHS",
    "lcsc": 98220,
    "mfr": "RC0603FR-0710KL",
    "package": "0603",
  },
  {
    "description": "100mW Thick Film Resistors 75V ±100ppm/℃ ±1% 10kΩ 0603  Chip Resistor - Surface Mount ROHS",
    "lcsc": 2906982,
    "mfr": "FRC0603F1002TS",
    "package": "0603",
  },
  {
    "description": "50V 1nF X7R ±20% 0402  Multilayer Ceramic Capacitors MLCC - SMD/SMT ROHS",
    "lcsc": 696907,
    "mfr": "TCC0402X7R102M500AT",
    "package": "0402",
  },
  {
    "description": "100mW Thick Film Resistors 75V ±100ppm/℃ ±1% 5.1kΩ 0603 Chip Resistor - Surface Mount ROHS",
    "lcsc": 23186,
    "mfr": "0603WAF5101T5E",
    "package": "0603",
  },
  {
    "description": "100mW Thick Film Resistors 75V ±100ppm/℃ ±1% 2kΩ 0603 Chip Resistor - Surface Mount ROHS",
    "lcsc": 22975,
    "mfr": "0603WAF2001T5E",
    "package": "0603",
  },
  {
    "description": "-40℃~+85℃ Red 0603 LED Indication - Discrete ROHS",
    "lcsc": 2286,
    "mfr": "KT-0603R",
    "package": "0603",
  },
  {
    "description": "250mW Thick Film Resistors 200V ±100ppm/℃ ±1% 1MΩ 1206 Chip Resistor - Surface Mount ROHS",
    "lcsc": 17927,
    "mfr": "1206W4F1004T5E",
    "package": "1206",
  },
  {
    "description": "62.5mW Thick Film Resistors 50V ±1% ±100ppm/℃ 22Ω 0402 Chip Resistor - Surface Mount ROHS",
    "lcsc": 25092,
    "mfr": "0402WGF220JTCE",
    "package": "0402",
  },
  {
    "description": "50V 10nF X7R ±10% 0603 Multilayer Ceramic Capacitors MLCC - SMD/SMT ROHS",
    "lcsc": 1589,
    "mfr": "CL10B103KB8NNNC",
    "package": "0603",
  },
  {
    "description": "10V 10uF X5R ±10% 0603  Multilayer Ceramic Capacitors MLCC - SMD/SMT ROHS",
    "lcsc": 6119842,
    "mfr": "CGA0603X5R106K100JT",
    "package": "0603",
  },
  {
    "description": "50V 1uF X7R ±10% 0805 Multilayer Ceramic Capacitors MLCC - SMD/SMT ROHS",
    "lcsc": 28323,
    "mfr": "CL21B105KBFNNNE",
    "package": "0805",
  },
  {
    "description": "100mW Thick Film Resistors 75V ±100ppm/℃ ±1% 470Ω 0603 Chip Resistor - Surface Mount ROHS",
    "lcsc": 23179,
    "mfr": "0603WAF4700T5E",
    "package": "0603",
  },
  {
    "description": "62.5mW Thick Film Resistors 50V ±100ppm/℃ ±5% 4.7kΩ 0402  Chip Resistor - Surface Mount ROHS",
    "lcsc": 2906941,
    "mfr": "FRC0402J472 TS",
    "package": "0402",
  },
  {
    "description": "16V 10uF X5R ±10% 0805 Multilayer Ceramic Capacitors MLCC - SMD/SMT ROHS",
    "lcsc": 1713,
    "mfr": "CL21A106KOQNNNE",
    "package": "0805",
  },
  {
    "description": "50V 100nF X7R ±10% 0805 Multilayer Ceramic Capacitors MLCC - SMD/SMT ROHS",
    "lcsc": 1711,
    "mfr": "CL21B104KBCNNNC",
    "package": "0805",
  },
  {
    "description": "16V 2.2uF X5R ±10% 0603 Multilayer Ceramic Capacitors MLCC - SMD/SMT ROHS",
    "lcsc": 23630,
    "mfr": "CL10A225KO8NNNC",
    "package": "0603",
  },
  {
    "description": "50V 10pF NP0 ±5% 0402 Multilayer Ceramic Capacitors MLCC - SMD/SMT ROHS",
    "lcsc": 106199,
    "mfr": "CC0402JRNPO9BN100",
    "package": "0402",
  },
  {
    "description": "100mW Thick Film Resistors 75V ±1% ±200ppm/℃ 75Ω 0603 Chip Resistor - Surface Mount ROHS",
    "lcsc": 4275,
    "mfr": "0603WAF750JT5E",
    "package": "0603",
  },
  {
    "description": "100mW Thick Film Resistors 75V ±100ppm/℃ ±1% 47kΩ 0603 Chip Resistor - Surface Mount ROHS",
    "lcsc": 25819,
    "mfr": "0603WAF4702T5E",
    "package": "0603",
  },
  {
    "description": "50V 100nF X7R ±10% 0603  Multilayer Ceramic Capacitors MLCC - SMD/SMT ROHS",
    "lcsc": 5137636,
    "mfr": "FCC0603B104K500CT",
    "package": "0603",
  },
  {
    "description": "50V 10nF X7R ±10% 0402 Multilayer Ceramic Capacitors MLCC - SMD/SMT ROHS",
    "lcsc": 15195,
    "mfr": "CL05B103KB5NNNC",
    "package": "0402",
  },
  {
    "description": "50V 100nF X7R ±10% 0402 Multilayer Ceramic Capacitors MLCC - SMD/SMT ROHS",
    "lcsc": 525226,
    "mfr": "FN15X104K500PKG",
    "package": "0402",
  },
  {
    "description": "25V 1uF X7R ±10% 0603 Multilayer Ceramic Capacitors MLCC - SMD/SMT ROHS",
    "lcsc": 29936,
    "mfr": "CL10B105KA8NNNC",
    "package": "0603",
  },
  {
    "description": "125mW Thick Film Resistors 150V ±800ppm/℃ ±1% 0Ω 0805 Chip Resistor - Surface Mount ROHS",
    "lcsc": 17477,
    "mfr": "0805W8F0000T5E",
    "package": "0805",
  },
  {
    "description": "100mW Thick Film Resistors 75V ±100ppm/℃ ±1% 2.2kΩ 0603 Chip Resistor - Surface Mount ROHS",
    "lcsc": 4190,
    "mfr": "0603WAF2201T5E",
    "package": "0603",
  },
  {
    "description": "6.3V 4.7uF X5R ±20% 0402 Multilayer Ceramic Capacitors MLCC - SMD/SMT ROHS",
    "lcsc": 307423,
    "mfr": "CL05A475MQ5NRNC",
    "package": "0402",
  },
  {
    "description": "100mW Thick Film Resistors 75V ±100ppm/℃ ±1% 330Ω 0603 Chip Resistor - Surface Mount ROHS",
    "lcsc": 23138,
    "mfr": "0603WAF3300T5E",
    "package": "0603",
  },
  {
    "description": "125mW Thick Film Resistors 150V ±1% ±200ppm/℃ 10Ω 0805 Chip Resistor - Surface Mount ROHS",
    "lcsc": 17415,
    "mfr": "0805W8F100JT5E",
    "package": "0805",
  },
  {
    "description": "2kV 1nF X7R ±10% 1206 Multilayer Ceramic Capacitors MLCC - SMD/SMT ROHS",
    "lcsc": 9196,
    "mfr": "1206B102K202NT",
    "package": "1206",
  },
  {
    "description": "100mW Thick Film Resistors 75V ±100ppm/℃ ±1% 22Ω 0603 Chip Resistor - Surface Mount ROHS",
    "lcsc": 23345,
    "mfr": "0603WAF220JT5E",
    "package": "0603",
  },
  {
    "description": "16V 1uF X5R ±10% 0402 Multilayer Ceramic Capacitors MLCC - SMD/SMT ROHS",
    "lcsc": 29266,
    "mfr": "CL05A105KO5NNNC",
    "package": "0402",
  },
  {
    "description": "16V 4.7uF X5R ±10% 0603 Multilayer Ceramic Capacitors MLCC - SMD/SMT ROHS",
    "lcsc": 19666,
    "mfr": "CL10A475KO8NNNC",
    "package": "0603",
  },
  {
    "description": "100mW Thick Film Resistors 75V ±100ppm/℃ ±1% 10MΩ 0603 Chip Resistor - Surface Mount ROHS",
    "lcsc": 114606,
    "mfr": "RC0603FR-0710ML",
    "package": "0603",
  },
  {
    "description": "25V 22uF X5R ±20% 0805 Multilayer Ceramic Capacitors MLCC - SMD/SMT ROHS",
    "lcsc": 45783,
    "mfr": "CL21A226MAQNNNE",
    "package": "0805",
  },
  {
    "description": "62.5mW Thick Film Resistors 50V ±100ppm/℃ ±1% 5.1kΩ 0402 Chip Resistor - Surface Mount ROHS",
    "lcsc": 25905,
    "mfr": "0402WGF5101TCE",
    "package": "0402",
  },
  {
    "description": "100mW Thick Film Resistors 75V ±100ppm/℃ ±1% 51kΩ 0603 Chip Resistor - Surface Mount ROHS",
    "lcsc": 23196,
    "mfr": "0603WAF5102T5E",
    "package": "0603",
  },
  {
    "description": "25V 2.2uF X5R ±10% 0603 Multilayer Ceramic Capacitors MLCC - SMD/SMT ROHS",
    "lcsc": 57895,
    "mfr": "CL10A225KA8NNNC",
    "package": "0603",
  },
  {
    "description": "50V 100nF X7R ±10% 0603 Multilayer Ceramic Capacitors MLCC - SMD/SMT ROHS",
    "lcsc": 235731,
    "mfr": "FN18X104K500PBG",
    "package": "0603",
  },
  {
    "description": "HKR(Hong Kong Resistors) RCA0310KJLF",
    "lcsc": 22369937,
    "mfr": "RCA0310KJLF",
    "package": "0603",
  },
  {
    "description": "100mW Thick Film Resistors 75V ±100ppm/℃ ±5% 100Ω 0603  Chip Resistor - Surface Mount ROHS",
    "lcsc": 2907089,
    "mfr": "FRC0603J101 TS",
    "package": "0603",
  },
  {
    "description": "50V 100pF C0G ±5% 0603 Multilayer Ceramic Capacitors MLCC - SMD/SMT ROHS",
    "lcsc": 14858,
    "mfr": "CL10C101JB8NNNC",
    "package": "0603",
  },
  {
    "description": "62.5mW Thick Film Resistors 50V ±100ppm/℃ ±5% 10kΩ 0402 Chip Resistor - Surface Mount ROHS",
    "lcsc": 25531,
    "mfr": "0402WGJ0103TCE",
    "package": "0402",
  },
  {
    "description": "100mW Thick Film Resistors 75V ±5% ±800ppm/℃ 0Ω 0603 Chip Resistor - Surface Mount ROHS",
    "lcsc": 15402,
    "mfr": "0603WAJ0000T5E",
    "package": "0603",
  },
  {
    "description": "50V 100pF C0G ±5% 0402 Multilayer Ceramic Capacitors MLCC - SMD/SMT ROHS",
    "lcsc": 1546,
    "mfr": "0402CG101J500NT",
    "package": "0402",
  },
  {
    "description": "100mW Thick Film Resistors 75V ±100ppm/℃ ±5% 100Ω 0603 Chip Resistor - Surface Mount ROHS",
    "lcsc": 25201,
    "mfr": "0603WAJ0101T5E",
    "package": "0603",
  },
  {
    "description": "1A Independent Type 1kV 1.1V@1A SMA(DO-214AC) Diodes - General Purpose ROHS",
    "lcsc": 95872,
    "mfr": "M7",
    "package": "SMA(DO-214AC)",
  },
]
`;

exports[`GET /components/list with search query 'led red' returns expected components 1`] = `
[
  {
    "description": "50V 100nF X7R ±10% 0603 Multilayer Ceramic Capacitors MLCC - SMD/SMT ROHS",
    "lcsc": 14663,
    "mfr": "CC0603KRX7R9BB104",
    "package": "0603",
  },
  {
    "description": "100mW Thick Film Resistors 75V ±100ppm/℃ ±1% 10kΩ 0603 Chip Resistor - Surface Mount ROHS",
    "lcsc": 25804,
    "mfr": "0603WAF1002T5E",
    "package": "0603",
  },
  {
    "description": "50V 100nF X7R ±10% 0603 Multilayer Ceramic Capacitors MLCC - SMD/SMT ROHS",
    "lcsc": 30926,
    "mfr": "0603B104K500NT",
    "package": "0603",
  },
  {
    "description": "SOT-23 MOSFETs ROHS",
    "lcsc": 22446827,
    "mfr": "L2N7002SLLT1G",
    "package": "SOT-23",
  },
  {
    "description": "62.5mW Thick Film Resistors 50V ±100ppm/℃ ±1% 10kΩ 0402 Chip Resistor - Surface Mount ROHS",
    "lcsc": 25744,
    "mfr": "0402WGF1002TCE",
    "package": "0402",
  },
  {
    "description": "100mW Thick Film Resistors 75V ±100ppm/℃ ±1% 1kΩ 0603 Chip Resistor - Surface Mount ROHS",
    "lcsc": 21190,
    "mfr": "0603WAF1001T5E",
    "package": "0603",
  },
  {
    "description": "50V 100nF X7R ±10% 0603  Multilayer Ceramic Capacitors MLCC - SMD/SMT ROHS",
    "lcsc": 6119867,
    "mfr": "CGA0603X7R104K500JT",
    "package": "0603",
  },
  {
    "description": "16V 100nF X7R ±10% 0402 Multilayer Ceramic Capacitors MLCC - SMD/SMT ROHS",
    "lcsc": 1525,
    "mfr": "CL05B104KO5NNNC",
    "package": "0402",
  },
  {
    "description": "50V 100nF X7R ±10% 0603 Multilayer Ceramic Capacitors MLCC - SMD/SMT ROHS",
    "lcsc": 282519,
    "mfr": "TCC0603X7R104K500CT",
    "package": "0603",
  },
  {
    "description": "100mW Thick Film Resistors 75V ±1% 0Ω 0603 Chip Resistor - Surface Mount ROHS",
    "lcsc": 21189,
    "mfr": "0603WAF0000T5E",
    "package": "0603",
  },
  {
    "description": "125mW Thick Film Resistors 150V ±100ppm/℃ ±1% 10kΩ 0805 Chip Resistor - Surface Mount ROHS",
    "lcsc": 17414,
    "mfr": "0805W8F1002T5E",
    "package": "0805",
  },
  {
    "description": "50V 100nF X7R ±10% 0805 Multilayer Ceramic Capacitors MLCC - SMD/SMT ROHS",
    "lcsc": 49678,
    "mfr": "CC0805KRX7R9BB104",
    "package": "0805",
  },
  {
    "description": "50V 100nF X7R ±10% 0603 Multilayer Ceramic Capacitors MLCC - SMD/SMT ROHS",
    "lcsc": 1591,
    "mfr": "CL10B104KB8NNNC",
    "package": "0603",
  },
  {
    "description": "10V 10uF X5R ±10% 0603 Multilayer Ceramic Capacitors MLCC - SMD/SMT ROHS",
    "lcsc": 19702,
    "mfr": "CL10A106KP8NNNC",
    "package": "0603",
  },
  {
    "description": "62.5mW Thick Film Resistors 50V ±100ppm/℃ ±1% 1kΩ 0402 Chip Resistor - Surface Mount ROHS",
    "lcsc": 11702,
    "mfr": "0402WGF1001TCE",
    "package": "0402",
  },
  {
    "description": "100mW Thick Film Resistors 75V ±1% ±200ppm/℃ 100Ω 0603 Chip Resistor - Surface Mount ROHS",
    "lcsc": 22775,
    "mfr": "0603WAF1000T5E",
    "package": "0603",
  },
  {
    "description": "50V 10nF X7R ±10% 0603 Multilayer Ceramic Capacitors MLCC - SMD/SMT ROHS",
    "lcsc": 57112,
    "mfr": "0603B103K500NT",
    "package": "0603",
  },
  {
    "description": "16V 100nF X7R ±10% 0402 Multilayer Ceramic Capacitors MLCC - SMD/SMT ROHS",
    "lcsc": 60474,
    "mfr": "CC0402KRX7R7BB104",
    "package": "0402",
  },
  {
    "description": "100mW Thick Film Resistors 75V ±100ppm/℃ ±5% 10kΩ 0603  Chip Resistor - Surface Mount ROHS",
    "lcsc": 2930027,
    "mfr": "FRC0603J103TS",
    "package": "0603",
  },
  {
    "description": "25V 1uF X5R ±10% 0402 Multilayer Ceramic Capacitors MLCC - SMD/SMT ROHS",
    "lcsc": 52923,
    "mfr": "CL05A105KA5NQNC",
    "package": "0402",
  },
  {
    "description": "10V 1uF X5R ±10% 0402 Multilayer Ceramic Capacitors MLCC - SMD/SMT ROHS",
    "lcsc": 14445,
    "mfr": "CL05A105KP5NNNC",
    "package": "0402",
  },
  {
    "description": "50V 100nF X7R ±10% 0402 Multilayer Ceramic Capacitors MLCC - SMD/SMT ROHS",
    "lcsc": 307331,
    "mfr": "CL05B104KB54PNC",
    "package": "0402",
  },
  {
    "description": "100mW Thick Film Resistors 75V ±100ppm/℃ ±1% 4.7kΩ 0603 Chip Resistor - Surface Mount ROHS",
    "lcsc": 23162,
    "mfr": "0603WAF4701T5E",
    "package": "0603",
  },
  {
    "description": "50V 1uF X5R ±10% 0603 Multilayer Ceramic Capacitors MLCC - SMD/SMT ROHS",
    "lcsc": 15849,
    "mfr": "CL10A105KB8NNNC",
    "package": "0603",
  },
  {
    "description": "50V 100nF X7R ±10% 0805 Multilayer Ceramic Capacitors MLCC - SMD/SMT ROHS",
    "lcsc": 38141,
    "mfr": "0805B104K500NT",
    "package": "0805",
  },
  {
    "description": "50V 100nF X7R ±10% 0402 Multilayer Ceramic Capacitors MLCC - SMD/SMT ROHS",
    "lcsc": 110251,
    "mfr": "0402B104K500NT",
    "package": "0402",
  },
  {
    "description": "16V 100nF X7R ±10% 0402  Multilayer Ceramic Capacitors MLCC - SMD/SMT ROHS",
    "lcsc": 6119799,
    "mfr": "CGA0402X7R104K160GT",
    "package": "0402",
  },
  {
    "description": "62.5mW Thick Film Resistors 50V ±100ppm/℃ ±1% 10kΩ 0402 Chip Resistor - Surface Mount ROHS",
    "lcsc": 60490,
    "mfr": "RC0402FR-0710KL",
    "package": "0402",
  },
  {
    "description": "6.3V 10uF X5R ±20% 0402 Multilayer Ceramic Capacitors MLCC - SMD/SMT ROHS",
    "lcsc": 15525,
    "mfr": "CL05A106MQ5NUNC",
    "package": "0402",
  },
  {
    "description": "25V 10uF X5R ±10% 0805 Multilayer Ceramic Capacitors MLCC - SMD/SMT ROHS",
    "lcsc": 15850,
    "mfr": "CL21A106KAYNNNE",
    "package": "0805",
  },
  {
    "description": "100mW Thick Film Resistors 75V ±100ppm/℃ ±1% 100kΩ 0603 Chip Resistor - Surface Mount ROHS",
    "lcsc": 25803,
    "mfr": "0603WAF1003T5E",
    "package": "0603",
  },
  {
    "description": "50V 10nF X7R ±10% 0402 Multilayer Ceramic Capacitors MLCC - SMD/SMT ROHS",
    "lcsc": 60133,
    "mfr": "CC0402KRX7R9BB103",
    "package": "0402",
  },
  {
    "description": "125mW Thick Film Resistors 150V ±100ppm/℃ ±1% 1kΩ 0805 Chip Resistor - Surface Mount ROHS",
    "lcsc": 17513,
    "mfr": "0805W8F1001T5E",
    "package": "0805",
  },
  {
    "description": "16V 100nF X7R ±10% 0402  Multilayer Ceramic Capacitors MLCC - SMD/SMT ROHS",
    "lcsc": 5137468,
    "mfr": "FCC0402B104K160AT",
    "package": "0402",
  },
  {
    "description": "100mW Thick Film Resistors 75V ±100ppm/℃ ±5% 10kΩ 0603 Chip Resistor - Surface Mount ROHS",
    "lcsc": 15401,
    "mfr": "0603WAJ0103T5E",
    "package": "0603",
  },
  {
    "description": "100mW Thick Film Resistors 75V ±1% ±400ppm/℃ 10Ω 0603 Chip Resistor - Surface Mount ROHS",
    "lcsc": 22859,
    "mfr": "0603WAF100JT5E",
    "package": "0603",
  },
  {
    "description": "62.5mW Thick Film Resistors 50V ±800ppm/℃ ±1% 0Ω 0402 Chip Resistor - Surface Mount ROHS",
    "lcsc": 17168,
    "mfr": "0402WGF0000TCE",
    "package": "0402",
  },
  {
    "description": "50V 10uF X5R ±10% 1206 Multilayer Ceramic Capacitors MLCC - SMD/SMT ROHS",
    "lcsc": 13585,
    "mfr": "CL31A106KBHNNNE",
    "package": "1206",
  },
  {
    "description": "25V 10uF X5R ±20% 0603 Multilayer Ceramic Capacitors MLCC - SMD/SMT ROHS",
    "lcsc": 96446,
    "mfr": "CL10A106MA8NRNC",
    "package": "0603",
  },
  {
    "description": "62.5mW Thick Film Resistors 50V ±1% ±200ppm/℃ 100Ω 0402 Chip Resistor - Surface Mount ROHS",
    "lcsc": 25076,
    "mfr": "0402WGF1000TCE",
    "package": "0402",
  },
  {
    "description": "62.5mW Thick Film Resistors 50V ±100ppm/℃ ±1% 4.7kΩ 0402 Chip Resistor - Surface Mount ROHS",
    "lcsc": 25900,
    "mfr": "0402WGF4701TCE",
    "package": "0402",
  },
  {
    "description": "125mW Thick Film Resistors 150V ±100ppm/℃ ±1% 4.7kΩ 0805 Chip Resistor - Surface Mount ROHS",
    "lcsc": 17673,
    "mfr": "0805W8F4701T5E",
    "package": "0805",
  },
  {
    "description": "25V 1uF X5R ±10% 0603 Multilayer Ceramic Capacitors MLCC - SMD/SMT ROHS",
    "lcsc": 5673,
    "mfr": "CL10A105KA8NNNC",
    "package": "0603",
  },
  {
    "description": "62.5mW Thick Film Resistors 50V ±100ppm/℃ ±1% 100kΩ 0402 Chip Resistor - Surface Mount ROHS",
    "lcsc": 25741,
    "mfr": "0402WGF1003TCE",
    "package": "0402",
  },
  {
    "description": "50V 1nF X7R ±10% 0603 Multilayer Ceramic Capacitors MLCC - SMD/SMT ROHS",
    "lcsc": 1588,
    "mfr": "CL10B102KB8NNNC",
    "package": "0603",
  },
  {
    "description": "100mW Thick Film Resistors 75V ±100ppm/℃ ±5% 1kΩ 0603  Chip Resistor - Surface Mount ROHS",
    "lcsc": 2907113,
    "mfr": "FRC0603J102 TS",
    "package": "0603",
  },
  {
    "description": "16V 1uF X5R ±10% 0603  Multilayer Ceramic Capacitors MLCC - SMD/SMT ROHS",
    "lcsc": 6119849,
    "mfr": "CGA0603X5R105K160JT",
    "package": "0603",
  },
  {
    "description": "50V 10nF X7R ±10% 0603 Multilayer Ceramic Capacitors MLCC - SMD/SMT ROHS",
    "lcsc": 100042,
    "mfr": "CC0603KRX7R9BB103",
    "package": "0603",
  },
  {
    "description": "100mW Thick Film Resistors 75V ±100ppm/℃ ±1% 20kΩ 0603 Chip Resistor - Surface Mount ROHS",
    "lcsc": 4184,
    "mfr": "0603WAF2002T5E",
    "package": "0603",
  },
  {
    "description": "6.3V 22uF X5R ±20% 0603 Multilayer Ceramic Capacitors MLCC - SMD/SMT ROHS",
    "lcsc": 59461,
    "mfr": "CL10A226MQ8NRNC",
    "package": "0603",
  },
  {
    "description": "50V 100pF NP0 ±5% 0603 Multilayer Ceramic Capacitors MLCC - SMD/SMT ROHS",
    "lcsc": 14665,
    "mfr": "CC0603JRNPO9BN101",
    "package": "0603",
  },
  {
    "description": "50V 1nF X7R ±10% 0603 Multilayer Ceramic Capacitors MLCC - SMD/SMT ROHS",
    "lcsc": 100040,
    "mfr": "CC0603KRX7R9BB102",
    "package": "0603",
  },
  {
    "description": "100mW Thick Film Resistors 75V ±100ppm/℃ ±1% 1MΩ 0603 Chip Resistor - Surface Mount ROHS",
    "lcsc": 22935,
    "mfr": "0603WAF1004T5E",
    "package": "0603",
  },
  {
    "description": "16V 100nF X7R ±10% 0402 Multilayer Ceramic Capacitors MLCC - SMD/SMT ROHS",
    "lcsc": 392963,
    "mfr": "TCC0402X7R104K160AT",
    "package": "0402",
  },
  {
    "description": "100mW Thick Film Resistors 75V ±100ppm/℃ ±1% 10kΩ 0603 Chip Resistor - Surface Mount ROHS",
    "lcsc": 98220,
    "mfr": "RC0603FR-0710KL",
    "package": "0603",
  },
  {
    "description": "100mW Thick Film Resistors 75V ±100ppm/℃ ±1% 10kΩ 0603  Chip Resistor - Surface Mount ROHS",
    "lcsc": 2906982,
    "mfr": "FRC0603F1002TS",
    "package": "0603",
  },
  {
    "description": "50V 1nF X7R ±20% 0402  Multilayer Ceramic Capacitors MLCC - SMD/SMT ROHS",
    "lcsc": 696907,
    "mfr": "TCC0402X7R102M500AT",
    "package": "0402",
  },
  {
    "description": "100mW Thick Film Resistors 75V ±100ppm/℃ ±1% 5.1kΩ 0603 Chip Resistor - Surface Mount ROHS",
    "lcsc": 23186,
    "mfr": "0603WAF5101T5E",
    "package": "0603",
  },
  {
    "description": "100mW Thick Film Resistors 75V ±100ppm/℃ ±1% 2kΩ 0603 Chip Resistor - Surface Mount ROHS",
    "lcsc": 22975,
    "mfr": "0603WAF2001T5E",
    "package": "0603",
  },
  {
    "description": "-40℃~+85℃ Red 0603 LED Indication - Discrete ROHS",
    "lcsc": 2286,
    "mfr": "KT-0603R",
    "package": "0603",
  },
  {
    "description": "250mW Thick Film Resistors 200V ±100ppm/℃ ±1% 1MΩ 1206 Chip Resistor - Surface Mount ROHS",
    "lcsc": 17927,
    "mfr": "1206W4F1004T5E",
    "package": "1206",
  },
  {
    "description": "62.5mW Thick Film Resistors 50V ±1% ±100ppm/℃ 22Ω 0402 Chip Resistor - Surface Mount ROHS",
    "lcsc": 25092,
    "mfr": "0402WGF220JTCE",
    "package": "0402",
  },
  {
    "description": "50V 10nF X7R ±10% 0603 Multilayer Ceramic Capacitors MLCC - SMD/SMT ROHS",
    "lcsc": 1589,
    "mfr": "CL10B103KB8NNNC",
    "package": "0603",
  },
  {
    "description": "10V 10uF X5R ±10% 0603  Multilayer Ceramic Capacitors MLCC - SMD/SMT ROHS",
    "lcsc": 6119842,
    "mfr": "CGA0603X5R106K100JT",
    "package": "0603",
  },
  {
    "description": "50V 1uF X7R ±10% 0805 Multilayer Ceramic Capacitors MLCC - SMD/SMT ROHS",
    "lcsc": 28323,
    "mfr": "CL21B105KBFNNNE",
    "package": "0805",
  },
  {
    "description": "100mW Thick Film Resistors 75V ±100ppm/℃ ±1% 470Ω 0603 Chip Resistor - Surface Mount ROHS",
    "lcsc": 23179,
    "mfr": "0603WAF4700T5E",
    "package": "0603",
  },
  {
    "description": "62.5mW Thick Film Resistors 50V ±100ppm/℃ ±5% 4.7kΩ 0402  Chip Resistor - Surface Mount ROHS",
    "lcsc": 2906941,
    "mfr": "FRC0402J472 TS",
    "package": "0402",
  },
  {
    "description": "16V 10uF X5R ±10% 0805 Multilayer Ceramic Capacitors MLCC - SMD/SMT ROHS",
    "lcsc": 1713,
    "mfr": "CL21A106KOQNNNE",
    "package": "0805",
  },
  {
    "description": "50V 100nF X7R ±10% 0805 Multilayer Ceramic Capacitors MLCC - SMD/SMT ROHS",
    "lcsc": 1711,
    "mfr": "CL21B104KBCNNNC",
    "package": "0805",
  },
  {
    "description": "16V 2.2uF X5R ±10% 0603 Multilayer Ceramic Capacitors MLCC - SMD/SMT ROHS",
    "lcsc": 23630,
    "mfr": "CL10A225KO8NNNC",
    "package": "0603",
  },
  {
    "description": "50V 10pF NP0 ±5% 0402 Multilayer Ceramic Capacitors MLCC - SMD/SMT ROHS",
    "lcsc": 106199,
    "mfr": "CC0402JRNPO9BN100",
    "package": "0402",
  },
  {
    "description": "100mW Thick Film Resistors 75V ±1% ±200ppm/℃ 75Ω 0603 Chip Resistor - Surface Mount ROHS",
    "lcsc": 4275,
    "mfr": "0603WAF750JT5E",
    "package": "0603",
  },
  {
    "description": "100mW Thick Film Resistors 75V ±100ppm/℃ ±1% 47kΩ 0603 Chip Resistor - Surface Mount ROHS",
    "lcsc": 25819,
    "mfr": "0603WAF4702T5E",
    "package": "0603",
  },
  {
    "description": "50V 100nF X7R ±10% 0603  Multilayer Ceramic Capacitors MLCC - SMD/SMT ROHS",
    "lcsc": 5137636,
    "mfr": "FCC0603B104K500CT",
    "package": "0603",
  },
  {
    "description": "50V 10nF X7R ±10% 0402 Multilayer Ceramic Capacitors MLCC - SMD/SMT ROHS",
    "lcsc": 15195,
    "mfr": "CL05B103KB5NNNC",
    "package": "0402",
  },
  {
    "description": "50V 100nF X7R ±10% 0402 Multilayer Ceramic Capacitors MLCC - SMD/SMT ROHS",
    "lcsc": 525226,
    "mfr": "FN15X104K500PKG",
    "package": "0402",
  },
  {
    "description": "25V 1uF X7R ±10% 0603 Multilayer Ceramic Capacitors MLCC - SMD/SMT ROHS",
    "lcsc": 29936,
    "mfr": "CL10B105KA8NNNC",
    "package": "0603",
  },
  {
    "description": "125mW Thick Film Resistors 150V ±800ppm/℃ ±1% 0Ω 0805 Chip Resistor - Surface Mount ROHS",
    "lcsc": 17477,
    "mfr": "0805W8F0000T5E",
    "package": "0805",
  },
  {
    "description": "100mW Thick Film Resistors 75V ±100ppm/℃ ±1% 2.2kΩ 0603 Chip Resistor - Surface Mount ROHS",
    "lcsc": 4190,
    "mfr": "0603WAF2201T5E",
    "package": "0603",
  },
  {
    "description": "6.3V 4.7uF X5R ±20% 0402 Multilayer Ceramic Capacitors MLCC - SMD/SMT ROHS",
    "lcsc": 307423,
    "mfr": "CL05A475MQ5NRNC",
    "package": "0402",
  },
  {
    "description": "100mW Thick Film Resistors 75V ±100ppm/℃ ±1% 330Ω 0603 Chip Resistor - Surface Mount ROHS",
    "lcsc": 23138,
    "mfr": "0603WAF3300T5E",
    "package": "0603",
  },
  {
    "description": "125mW Thick Film Resistors 150V ±1% ±200ppm/℃ 10Ω 0805 Chip Resistor - Surface Mount ROHS",
    "lcsc": 17415,
    "mfr": "0805W8F100JT5E",
    "package": "0805",
  },
  {
    "description": "2kV 1nF X7R ±10% 1206 Multilayer Ceramic Capacitors MLCC - SMD/SMT ROHS",
    "lcsc": 9196,
    "mfr": "1206B102K202NT",
    "package": "1206",
  },
  {
    "description": "100mW Thick Film Resistors 75V ±100ppm/℃ ±1% 22Ω 0603 Chip Resistor - Surface Mount ROHS",
    "lcsc": 23345,
    "mfr": "0603WAF220JT5E",
    "package": "0603",
  },
  {
    "description": "16V 1uF X5R ±10% 0402 Multilayer Ceramic Capacitors MLCC - SMD/SMT ROHS",
    "lcsc": 29266,
    "mfr": "CL05A105KO5NNNC",
    "package": "0402",
  },
  {
    "description": "16V 4.7uF X5R ±10% 0603 Multilayer Ceramic Capacitors MLCC - SMD/SMT ROHS",
    "lcsc": 19666,
    "mfr": "CL10A475KO8NNNC",
    "package": "0603",
  },
  {
    "description": "100mW Thick Film Resistors 75V ±100ppm/℃ ±1% 10MΩ 0603 Chip Resistor - Surface Mount ROHS",
    "lcsc": 114606,
    "mfr": "RC0603FR-0710ML",
    "package": "0603",
  },
  {
    "description": "25V 22uF X5R ±20% 0805 Multilayer Ceramic Capacitors MLCC - SMD/SMT ROHS",
    "lcsc": 45783,
    "mfr": "CL21A226MAQNNNE",
    "package": "0805",
  },
  {
    "description": "62.5mW Thick Film Resistors 50V ±100ppm/℃ ±1% 5.1kΩ 0402 Chip Resistor - Surface Mount ROHS",
    "lcsc": 25905,
    "mfr": "0402WGF5101TCE",
    "package": "0402",
  },
  {
    "description": "100mW Thick Film Resistors 75V ±100ppm/℃ ±1% 51kΩ 0603 Chip Resistor - Surface Mount ROHS",
    "lcsc": 23196,
    "mfr": "0603WAF5102T5E",
    "package": "0603",
  },
  {
    "description": "25V 2.2uF X5R ±10% 0603 Multilayer Ceramic Capacitors MLCC - SMD/SMT ROHS",
    "lcsc": 57895,
    "mfr": "CL10A225KA8NNNC",
    "package": "0603",
  },
  {
    "description": "50V 100nF X7R ±10% 0603 Multilayer Ceramic Capacitors MLCC - SMD/SMT ROHS",
    "lcsc": 235731,
    "mfr": "FN18X104K500PBG",
    "package": "0603",
  },
  {
    "description": "HKR(Hong Kong Resistors) RCA0310KJLF",
    "lcsc": 22369937,
    "mfr": "RCA0310KJLF",
    "package": "0603",
  },
  {
    "description": "100mW Thick Film Resistors 75V ±100ppm/℃ ±5% 100Ω 0603  Chip Resistor - Surface Mount ROHS",
    "lcsc": 2907089,
    "mfr": "FRC0603J101 TS",
    "package": "0603",
  },
  {
    "description": "50V 100pF C0G ±5% 0603 Multilayer Ceramic Capacitors MLCC - SMD/SMT ROHS",
    "lcsc": 14858,
    "mfr": "CL10C101JB8NNNC",
    "package": "0603",
  },
  {
    "description": "62.5mW Thick Film Resistors 50V ±100ppm/℃ ±5% 10kΩ 0402 Chip Resistor - Surface Mount ROHS",
    "lcsc": 25531,
    "mfr": "0402WGJ0103TCE",
    "package": "0402",
  },
  {
    "description": "100mW Thick Film Resistors 75V ±5% ±800ppm/℃ 0Ω 0603 Chip Resistor - Surface Mount ROHS",
    "lcsc": 15402,
    "mfr": "0603WAJ0000T5E",
    "package": "0603",
  },
  {
    "description": "50V 100pF C0G ±5% 0402 Multilayer Ceramic Capacitors MLCC - SMD/SMT ROHS",
    "lcsc": 1546,
    "mfr": "0402CG101J500NT",
    "package": "0402",
  },
  {
    "description": "100mW Thick Film Resistors 75V ±100ppm/℃ ±5% 100Ω 0603 Chip Resistor - Surface Mount ROHS",
    "lcsc": 25201,
    "mfr": "0603WAJ0101T5E",
    "package": "0603",
  },
  {
    "description": "1A Independent Type 1kV 1.1V@1A SMA(DO-214AC) Diodes - General Purpose ROHS",
    "lcsc": 95872,
    "mfr": "M7",
    "package": "SMA(DO-214AC)",
  },
]
`;
