// Bun Snapshot v1, https://goo.gl/fbAQLP

exports[`GET /components/list with search query 'C1234' returns expected components 1`] = `
{
  "description": "50V 100nF X7R ±10% 0603 Multilayer Ceramic Capacitors MLCC - SMD/SMT ROHS",
  "lcsc": 14663,
  "mfr": "CC0603KRX7R9BB104",
  "package": "0603",
  "price": 0.0023,
  "stock": 56898488,
}
`;

exports[`GET /components/list with search query '555 Timer' returns expected components 1`] = `
{
  "description": "50V 100nF X7R ±10% 0603 Multilayer Ceramic Capacitors MLCC - SMD/SMT ROHS",
  "lcsc": 14663,
  "mfr": "CC0603KRX7R9BB104",
  "package": "0603",
  "price": 0.0023,
  "stock": 56898488,
}
`;

exports[`GET /components/list with search query 'led red' returns expected components 1`] = `
{
  "description": "50V 100nF X7R ±10% 0603 Multilayer Ceramic Capacitors MLCC - SMD/SMT ROHS",
  "lcsc": 14663,
  "mfr": "CC0603KRX7R9BB104",
  "package": "0603",
  "price": 0.0023,
  "stock": 56898488,
}
`;
